edges
| test.go:224:15:224:38 | call to QueryParam | test.go:225:17:225:24 | filepath |
| test.go:228:15:228:38 | call to QueryParam | test.go:229:23:229:30 | filepath |
nodes
| test.go:224:15:224:38 | call to QueryParam | semmle.label | call to QueryParam |
| test.go:225:17:225:24 | filepath | semmle.label | filepath |
| test.go:228:15:228:38 | call to QueryParam | semmle.label | call to QueryParam |
| test.go:229:23:229:30 | filepath | semmle.label | filepath |
subpaths
#select
| test.go:225:17:225:24 | filepath | test.go:224:15:224:38 | call to QueryParam | test.go:225:17:225:24 | filepath | This path depends on a $@. | test.go:224:15:224:38 | call to QueryParam | user-provided value |
| test.go:229:23:229:30 | filepath | test.go:228:15:228:38 | call to QueryParam | test.go:229:23:229:30 | filepath | This path depends on a $@. | test.go:228:15:228:38 | call to QueryParam | user-provided value |
